// Jest Snapshot v1, https://goo.gl/fbAQLP

exports[`renders correctly 1`] = `
<div
  data-css-185on8x=""
>
  <div
    data-css-1ik39hp=""
    style={undefined}
  >
    <div />
  </div>
</div>
`;
